{"Input":"2001", "Rv":0, "Start": 0, "Sigma":"}\uf8fa", "States":[
 { "Sn":0, "Info":{"Action":0,"MatchLength":0,"NextState":0,"HardMatch":false,"ReplStr":""},  "Term":114,  "Edge":[ { "On":"}", "Fr":0, "To":1 }, { "On":"", "Fr":0, "To":3 }, { "On":"λ", "Fr":0, "To":3 }, { "On":"}", "Fr":0, "To":3 }]}
 { "Sn":1, "Info":{"Action":0,"MatchLength":0,"NextState":0,"HardMatch":false,"ReplStr":""},  "Edge":[ { "On":"}", "Fr":1, "To":2 }]}
 { "Sn":2, "Info":{"Action":0,"MatchLength":2,"NextState":0,"HardMatch":true,"ReplStr":""},  "Term":110,  "Edge":[ ]}
 { "Sn":3, "Info":{"Action":0,"MatchLength":0,"NextState":0,"HardMatch":false,"ReplStr":""},  "Edge":[ { "On":"λ", "Fr":3, "To":0 }, { "On":"τ", "Fr":3, "To":4 }]}
 { "Sn":4, "Info":{"Action":0,"MatchLength":0,"NextState":0,"HardMatch":false,"ReplStr":""},  "Term":112,  "Edge":[ ]}
]}
