{"Input":"a.d", "Rv":1016, "Start": 0, "Sigma":"ad\uf8fa", "States":[
 { "Sn":0, "Info":{"Action":0,"MatchLength":0,"NextState":0,"HardMatch":false,"ReplStr":""},  "Edge":[ { "On":"a", "Fr":0, "To":1 }]}
 { "Sn":1, "Info":{"Action":0,"MatchLength":0,"NextState":0,"HardMatch":false,"ReplStr":""},  "Edge":[ { "On":"", "Fr":1, "To":2 }]}
 { "Sn":2, "Info":{"Action":0,"MatchLength":0,"NextState":0,"HardMatch":false,"ReplStr":""},  "Edge":[ { "On":"d", "Fr":2, "To":3 }]}
 { "Sn":3, "Info":{"Action":0,"MatchLength":3,"NextState":0,"HardMatch":true,"ReplStr":""},  "Term":1016,  "Edge":[ ]}
]}
