{"Input":"x*", "Rv":1001, "Start": 0, "Sigma":"x", "States":[
 { "Sn":0, "Info":{"Action":0,"MatchLength":0,"NextState":0,"HardMatch":false,"ReplStr":""},  "Edge":[ { "On":"x", "Fr":0, "To":1 }, { "On":"λ", "Fr":0, "To":1 }]}
 { "Sn":1, "Info":{"Action":0,"MatchLength":0,"NextState":0,"HardMatch":false,"ReplStr":""},  "Edge":[ { "On":"λ", "Fr":1, "To":0 }, { "On":"τ", "Fr":1, "To":2 }]}
 { "Sn":2, "Info":{"Action":0,"MatchLength":0,"NextState":0,"HardMatch":false,"ReplStr":""},  "Term":1001,  "Edge":[ ]}
]}
